base referer
rect $classedu_1_1ou_1_1asgbook_1_1transforms_1_1_f_f_t2_d.html 7,32 244,61
rect $classedu_1_1ou_1_1asgbook_1_1transforms_1_1_f_f_t_bandpass_filter.html 305,5 617,35
rect $classedu_1_1ou_1_1asgbook_1_1transforms_1_1_f_f_t_convolution_filter.html 299,59 624,88
rect $interfaceedu_1_1ou_1_1asgbook_1_1filters_1_1_spatial_filter.html 8,405 243,435
rect $classedu_1_1ou_1_1asgbook_1_1filters_1_1_convolution_filter.html 327,432 596,461
rect $classedu_1_1ou_1_1asgbook_1_1filters_1_1_dilation_filter.html 341,485 581,515
rect $classedu_1_1ou_1_1asgbook_1_1filters_1_1_erosion_filter.html 341,539 581,568
rect $classedu_1_1ou_1_1asgbook_1_1filters_1_1_inverter.html 353,592 569,621
rect $classedu_1_1ou_1_1asgbook_1_1filters_1_1_lo_g_edge_filter.html 335,645 588,675
rect $classedu_1_1ou_1_1asgbook_1_1filters_1_1_matched_filter.html 336,699 587,728
rect $classedu_1_1ou_1_1asgbook_1_1filters_1_1_median_filter.html 340,752 583,781
rect $classedu_1_1ou_1_1asgbook_1_1filters_1_1_multi_filter.html 349,805 573,835
rect $classedu_1_1ou_1_1asgbook_1_1filters_1_1_oriented_ellipse_filter.html 315,112 608,141
rect $classedu_1_1ou_1_1asgbook_1_1filters_1_1_saturate_filter.html 337,165 585,195
rect $classedu_1_1ou_1_1asgbook_1_1filters_1_1_separable_convolution_filter.html 293,219 629,248
rect $classedu_1_1ou_1_1asgbook_1_1filters_1_1_simple_thresholder.html 319,272 604,301
rect $classedu_1_1ou_1_1asgbook_1_1filters_1_1_sobel_edge_filter.html 329,325 593,355
rect $classedu_1_1ou_1_1asgbook_1_1filters_1_1_speckle_filter.html 337,379 585,408
rect $classedu_1_1ou_1_1asgbook_1_1filters_1_1_dilate_erode_filter.html 679,779 948,808
rect $classedu_1_1ou_1_1asgbook_1_1filters_1_1_erode_dilate_filter.html 679,832 948,861
